#-----------------------------------------------------------
# Vivado v2023.1 (64-bit)
# SW Build 3865809 on Sun May  7 15:05:29 MDT 2023
# IP Build 3864474 on Sun May  7 20:36:21 MDT 2023
# SharedData Build 3865790 on Sun May 07 13:33:03 MDT 2023
# Start of session at: Thu Oct 26 21:21:35 2023
# Process ID: 8120
# Current directory: C:/Users/jacky/Desktop/ic_lab_2023/IC_LAB_2023/lab06/LAB06_SOFT_IP_PATTERN/LAB06_SOFT_IP_PATTERN.runs/impl_1
# Command line: vivado.exe -log SORT_IP.vdi -applog -product Vivado -messageDb vivado.pb -mode batch -source SORT_IP.tcl -notrace
# Log file: C:/Users/jacky/Desktop/ic_lab_2023/IC_LAB_2023/lab06/LAB06_SOFT_IP_PATTERN/LAB06_SOFT_IP_PATTERN.runs/impl_1/SORT_IP.vdi
# Journal file: C:/Users/jacky/Desktop/ic_lab_2023/IC_LAB_2023/lab06/LAB06_SOFT_IP_PATTERN/LAB06_SOFT_IP_PATTERN.runs/impl_1\vivado.jou
# Running On: LAPTOP-JJHABV97, OS: Windows, CPU Frequency: 2496 MHz, CPU Physical cores: 10, Host memory: 16803 MB
#-----------------------------------------------------------
source SORT_IP.tcl -notrace
